
> app@1.0.0 start:backend
> cd backend && npm run dev


> backend@1.0.0 dev
> nodemon src/index.js

[33m[nodemon] 3.1.14[39m
[33m[nodemon] to restart at any time, enter `rs`[39m
[33m[nodemon] watching path(s): *.*[39m
[33m[nodemon] watching extensions: js,mjs,cjs,json[39m
[32m[nodemon] starting `node src/index.js`[39m
Server is running on port 3001
Database connected
User connected: Guest_9959 (drHSVeQb6Nn3YqI0AAAC)
Guest_9959 joined room: xtnde34
User disconnected: Guest_9959 (drHSVeQb6Nn3YqI0AAAC)
User connected: Guest_720 (aO2up-4PNX4sy2LxAAAF)
Guest_720 joined room: zvuds8v
User disconnected: Guest_720 (aO2up-4PNX4sy2LxAAAF)
User connected: Guest_9323 (JE1MUS1wRDBcGKczAAAI)
Guest_9323 joined room: bd589gj
User disconnected: Guest_9323 (JE1MUS1wRDBcGKczAAAI)
[31m[nodemon] app crashed - waiting for file changes before starting...[39m
