
> backend@1.0.0 dev
> nodemon src/index.js

[33m[nodemon] 3.1.14[39m
[33m[nodemon] to restart at any time, enter `rs`[39m
[33m[nodemon] watching path(s): *.*[39m
[33m[nodemon] watching extensions: js,mjs,cjs,json[39m
[32m[nodemon] starting `node src/index.js`[39m
/app/backend/src/index.js:23
    console.log(\`Server is running on port \${PORT}\`);
                ^

SyntaxError: Invalid or unexpected token
    at wrapSafe (node:internal/modules/cjs/loader:1637:18)
    at Module._compile (node:internal/modules/cjs/loader:1679:20)
    at Object..js (node:internal/modules/cjs/loader:1838:10)
    at Module.load (node:internal/modules/cjs/loader:1441:32)
    at Function._load (node:internal/modules/cjs/loader:1263:12)
    at TracingChannel.traceSync (node:diagnostics_channel:328:14)
    at wrapModuleLoad (node:internal/modules/cjs/loader:237:24)
    at Function.executeUserEntryPoint [as runMain] (node:internal/modules/run_main:171:5)
    at node:internal/main/run_main_module:36:49

Node.js v22.22.1
[31m[nodemon] app crashed - waiting for file changes before starting...[39m
[32m[nodemon] restarting due to changes...[39m
[32m[nodemon] starting `node src/index.js`[39m
/app/backend/src/socket.js:25
            socket.user = { username: \`Guest_\${Math.floor(Math.random() * 10000)}\` };
                                      ^

SyntaxError: Invalid or unexpected token
    at wrapSafe (node:internal/modules/cjs/loader:1637:18)
    at Module._compile (node:internal/modules/cjs/loader:1679:20)
    at Object..js (node:internal/modules/cjs/loader:1838:10)
    at Module.load (node:internal/modules/cjs/loader:1441:32)
    at Function._load (node:internal/modules/cjs/loader:1263:12)
    at TracingChannel.traceSync (node:diagnostics_channel:328:14)
    at wrapModuleLoad (node:internal/modules/cjs/loader:237:24)
    at Module.require (node:internal/modules/cjs/loader:1463:12)
    at require (node:internal/modules/helpers:147:16)
    at Object.<anonymous> (/app/backend/src/index.js:5:21)

Node.js v22.22.1
[31m[nodemon] app crashed - waiting for file changes before starting...[39m
[32m[nodemon] restarting due to changes...[39m
[32m[nodemon] starting `node src/index.js`[39m
/app/backend/src/socket.js:25
            socket.user = { username: \`Guest_\${Math.floor(Math.random() * 10000)}\` };
                                      ^

SyntaxError: Invalid or unexpected token
    at wrapSafe (node:internal/modules/cjs/loader:1637:18)
    at Module._compile (node:internal/modules/cjs/loader:1679:20)
    at Object..js (node:internal/modules/cjs/loader:1838:10)
    at Module.load (node:internal/modules/cjs/loader:1441:32)
    at Function._load (node:internal/modules/cjs/loader:1263:12)
    at TracingChannel.traceSync (node:diagnostics_channel:328:14)
    at wrapModuleLoad (node:internal/modules/cjs/loader:237:24)
    at Module.require (node:internal/modules/cjs/loader:1463:12)
    at require (node:internal/modules/helpers:147:16)
    at Object.<anonymous> (/app/backend/src/index.js:5:21)

Node.js v22.22.1
[31m[nodemon] app crashed - waiting for file changes before starting...[39m
[32m[nodemon] restarting due to changes...[39m
[32m[nodemon] starting `node src/index.js`[39m
Server is running on port 3001
Database connected
User connected: Guest_1120 (e_Ak-4wLZmiPe5S1AAAC)
Guest_1120 joined room: dlrk0e4
User disconnected: Guest_1120 (e_Ak-4wLZmiPe5S1AAAC)
User connected: Guest_2750 (RMtzJz08rrCj3FDnAAAF)
Guest_2750 joined room: jz6at2h
User disconnected: Guest_2750 (RMtzJz08rrCj3FDnAAAF)
User connected: Guest_1946 (nUxKqBTonOQY-7xXAAAI)
Guest_1946 joined room: pgj69bl
User disconnected: Guest_1946 (nUxKqBTonOQY-7xXAAAI)
[31m[nodemon] app crashed - waiting for file changes before starting...[39m
